23:35:34 **** Incremental Build of configuration Debug for project UART_PROTO ****
make -j8 all 
arm-none-eabi-gcc "../Core/Src/main.c" -mcpu=cortex-m3 -std=gnu11 -g3 -DDEBUG -DUSE_HAL_DRIVER -DSTM32F103x6 -c -I../Core/Inc -I../Drivers/STM32F1xx_HAL_Driver/Inc/Legacy -I../Drivers/STM32F1xx_HAL_Driver/Inc -I../Drivers/CMSIS/Device/ST/STM32F1xx/Include -I../Drivers/CMSIS/Include -O0 -ffunction-sections -fdata-sections -Wall -fstack-usage -MMD -MP -MF"Core/Src/main.d" -MT"Core/Src/main.o" --specs=nano.specs -mfloat-abi=soft -mthumb -o "Core/Src/main.o"
arm-none-eabi-gcc -o "UART_PROTO.elf" @"objects.list"   -mcpu=cortex-m3 -T"/home/pranavix/STM32CubeIDE/workspace_1.10.0/UART_PROTO/STM32F103C6TX_FLASH.ld" --specs=nosys.specs -Wl,-Map="UART_PROTO.map" -Wl,--gc-sections -static --specs=nano.specs -mfloat-abi=soft -mthumb -Wl,--start-group -lc -lm -Wl,--end-group
Finished building target: UART_PROTO.elf
 
arm-none-eabi-size   UART_PROTO.elf 
arm-none-eabi-objdump -h -S  UART_PROTO.elf  > "UART_PROTO.list"
   text	   data	    bss	    dec	    hex	filename
   4004	     20	   1572	   5596	   15dc	UART_PROTO.elf
Finished building: default.size.stdout
 
Finished building: UART_PROTO.list
 
23:35:42 **** Incremental Build of configuration Debug for project UART_PROTO ****
make -j8 all 
arm-none-eabi-size   UART_PROTO.elf 
   text	   data	    bss	    dec	    hex	filename
   4004	     20	   1572	   5596	   15dc	UART_PROTO.elf
Finished building: default.size.stdout
 
